%!Adobe-FontList 1.10

%BeginFont
Handler:DirectoryHandler
FontType:Invalid
OutlineFileName:C:\Users\domek\Desktop\front-end\portfolio\portfoilo\praca-2\Font\socicon.css
FileModTime:1378285514
%EndFont

%BeginFont
Handler:DirectoryHandler
FontType:Invalid
OutlineFileName:C:\Users\domek\Desktop\front-end\portfolio\portfoilo\praca-2\Font\socicon.zip
FileModTime:1416236903
%EndFont

%BeginFont
Handler:DirectoryHandler
FontType:Invalid
OutlineFileName:C:\Users\domek\Desktop\front-end\portfolio\portfoilo\praca-2\Font\socicon\readme
FileModTime:1383066974
%EndFont

%BeginFont
Handler:DirectoryHandler
FontType:Invalid
OutlineFileName:C:\Users\domek\Desktop\front-end\portfolio\portfoilo\praca-2\Font\socicon\socicon-webfont.eot
FileModTime:1383065966
%EndFont

%BeginFont
Handler:DirectoryHandler
FontType:Invalid
OutlineFileName:C:\Users\domek\Desktop\front-end\portfolio\portfoilo\praca-2\Font\socicon\socicon-webfont.svg
FileModTime:1383065966
%EndFont

%BeginFont
Handler:DirectoryHandler
FontType:TrueType
FontName:font2985
FamilyName:Socicon
StyleName:Regular
FullName:Socicon Regular
WritingScript:Roman
OutlineFileName:C:\Users\domek\Desktop\front-end\portfolio\portfoilo\praca-2\Font\socicon\socicon-webfont.ttf
DataFormat:sfntData
FileLength:27720
FileModTime:1383065966
WeightClass:400
WidthClass:5
AngleClass:0
%EndFont

%BeginFont
Handler:DirectoryHandler
FontType:Invalid
OutlineFileName:C:\Users\domek\Desktop\front-end\portfolio\portfoilo\praca-2\Font\socicon\socicon-webfont.woff
FileModTime:1383065966
%EndFont

%BeginFont
Handler:DirectoryHandler
FontType:TrueType
FontName:Eurofurencelight
FamilyName:eurofurence light
StyleName:Regular
FullName:eurofurence light
WritingScript:Roman
OutlineFileName:C:\Users\domek\Desktop\front-end\portfolio\portfoilo\praca-2\Font\euro35\eurof35.ttf
DataFormat:sfntData
FileLength:155088
FileModTime:954674254
WeightClass:300
WidthClass:5
AngleClass:0
%EndFont

%BeginFont
Handler:DirectoryHandler
FontType:TrueType
FontName:Eurofurencelightitalic
FamilyName:eurofurence light
StyleName: italic
FullName:eurofurence light  italic
WritingScript:Roman
OutlineFileName:C:\Users\domek\Desktop\front-end\portfolio\portfoilo\praca-2\Font\euro35\eurof36.ttf
DataFormat:sfntData
FileLength:170876
FileModTime:954674190
WeightClass:300
WidthClass:5
AngleClass:0
%EndFont

%BeginFont
Handler:DirectoryHandler
FontType:TrueType
FontName:Eurofurenceregular
FamilyName:eurofurence
StyleName: regular
FullName:eurofurence  regular
WritingScript:Roman
OutlineFileName:C:\Users\domek\Desktop\front-end\portfolio\portfoilo\praca-2\Font\euro35\eurof55.ttf
DataFormat:sfntData
FileLength:159112
FileModTime:954674498
WeightClass:500
WidthClass:5
AngleClass:0
%EndFont

%BeginFont
Handler:DirectoryHandler
FontType:TrueType
FontName:Eurofurenceitalic
FamilyName:eurofurence
StyleName: italic
FullName:eurofurence  italic
WritingScript:Roman
OutlineFileName:C:\Users\domek\Desktop\front-end\portfolio\portfoilo\praca-2\Font\euro35\eurof56.ttf
DataFormat:sfntData
FileLength:172044
FileModTime:954674730
WeightClass:500
WidthClass:5
AngleClass:0
%EndFont

%BeginFont
Handler:DirectoryHandler
FontType:TrueType
FontName:Eurofurencebold
FamilyName:eurofurence
StyleName: bold
FullName:eurofurence  bold
WritingScript:Roman
OutlineFileName:C:\Users\domek\Desktop\front-end\portfolio\portfoilo\praca-2\Font\euro35\eurof75.ttf
DataFormat:sfntData
FileLength:162460
FileModTime:954675064
WeightClass:700
WidthClass:5
AngleClass:0
%EndFont

%BeginFont
Handler:DirectoryHandler
FontType:TrueType
FontName:Eurofurencebolditalic
FamilyName:eurofurence
StyleName: bolditalic
FullName:eurofurence  bolditalic
WritingScript:Roman
OutlineFileName:C:\Users\domek\Desktop\front-end\portfolio\portfoilo\praca-2\Font\euro35\eurof76.ttf
DataFormat:sfntData
FileLength:174772
FileModTime:954675238
WeightClass:700
WidthClass:5
AngleClass:0
%EndFont

%BeginFont
Handler:DirectoryHandler
FontType:Invalid
OutlineFileName:C:\Users\domek\Desktop\front-end\portfolio\portfoilo\praca-2\Font\euro35\eurof_tt.txt
FileModTime:954677352
%EndFont

